Microchip MPLAB XC8 Compiler V2.41

Linker command line:

-W-3 \
  --edf=C:\Program Files\Microchip\xc8\v2.41\pic\dat\20230208172133_en.msgs \
  -cn -h+dist/default/production\project.production.sym \
  --cmf=dist/default/production\project.production.cmf -z -Q18F4620 \
  -oC:\Users\T-BOX\AppData\Local\Temp\xcAsils.\driver_tmp_3.o \
  --defsym=__MPLAB_BUILD=1 --fixupoverflow=error \
  -Mdist/default/production/project.production.map \
  --md=C:\Users\T-BOX\AppData\Local\Temp\xcAsils.\driver_tmp_0.dat -E1 \
  -ver=XC8 Compiler --acfsm=1493 -ACODE=00h-0FFFFh -ACONST=00h-0FFFFh \
  -ASMALLCONST=01000h-010FFhx240 -AMEDIUMCONST=01000h-0FFFFh \
  -ACOMRAM=01h-07Fh -AABS1=00h-0F7Fh -ABIGRAM=01h-0F7Fh \
  -ARAM=080h-0FFh,0100h-01FFhx14,0F00h-0F7Fh -ABANK0=080h-0FFh \
  -ABANK1=0100h-01FFh -ABANK2=0200h-02FFh -ABANK3=0300h-03FFh \
  -ABANK4=0400h-04FFh -ABANK5=0500h-05FFh -ABANK6=0600h-06FFh \
  -ABANK7=0700h-07FFh -ABANK8=0800h-08FFh -ABANK9=0900h-09FFh \
  -ABANK10=0A00h-0AFFh -ABANK11=0B00h-0BFFh -ABANK12=0C00h-0CFFh \
  -ABANK13=0D00h-0DFFh -ABANK14=0E00h-0EFFh -ABANK15=0F00h-0F7Fh \
  -ASFR=0F80h-0FFFh -ABIGSFR=0F80h-0FFFh -ACONFIG=0300000h-030000Dh \
  -AIDLOC=0200000h-0200007h -AEEDATA=0F00000h-0F003FFh -peeprom_data=EEDATA \
  -preset_vec=00h,intcode=08h,intcodelo,powerup,init -pramtop=01000h \
  -psmallconst=SMALLCONST -pmediumconst=MEDIUMCONST -pconst=CONST \
  -AFARRAM=00h-00h \
  -prdata=COMRAM,nvrram=COMRAM,nvbit=COMRAM,rbss=COMRAM,rbit=COMRAM \
  -pfarbss=FARRAM,fardata=FARRAM,nvFARRAM=FARRAM \
  -pintsave_regs=BIGRAM,bigbss=BIGRAM,bigdata=BIGRAM -pbss=RAM \
  -pidata=CODE,irdata=CODE,ibigdata=CODE,ifardata=CODE -prparam=COMRAM \
  C:\Users\T-BOX\AppData\Local\Temp\xcAsils.\driver_tmp_9.o \
  dist/default/production\project.production.o 

Object code version is 3.11

Machine type is 18F4620



                Name                               Link     Load   Length Selector   Space Scale
C:\Users\T-BOX\AppData\Local\Temp\xcAsils.\driver_tmp_9.o
                idloc                            200000   200000        8        0       5
                config                           300000   300000        E        0       4
                init                                  E        E        4        4       0
                reset_vec                             0        0        4        0       0
dist/default/production\project.production.o
                intcode                               8        8        6        4       0
                idloc                            200000   200000        8        0       5
                config                           300000   300000        E        0       4
                temp                                 7A       7A        1        1       1
                smallconst                         1000     1000       7E      800       0
                text49                             3080     3080        4     181A       0
                text48                             307C     307C        4     181A       0
                text47                             3078     3078        4     181A       0
                text46                             3084     3084        2     181A       0
                text45                             3074     3074        4     181A       0
                text44                             3070     3070        4     181A       0
                text43                             306C     306C        4     181A       0
                text42                             3068     3068        4     181A       0
                text41                             3064     3064        4     181A       0
                text40                             3060     3060        4     181A       0
                text39                             3004     3004       1A      83F       0
                text38                             2FEA     2FEA       1A      83F       0
                text37                             2FD0     2FD0       1A      83F       0
                text36                             2FB6     2FB6       1A      83F       0
                text35                             304C     304C        C     181A       0
                text34                             3040     3040        C     181A       0
                text33                             3058     3058        8     181A       0
                text32                             3034     3034        C     181A       0
                intcode_body                       183E     183E      3E6      83F       0
                text30                             2E3C     2E3C       56      83F       0
                text29                             2F8C     2F8C       2A      83F       0
                text28                             2B74     2B74       74      83F       0
                text27                             2CBC     2CBC       64      83F       0
                text26                             2826     2826       7E      83F       0
                text25                             2DE4     2DE4       58      83F       0
                text24                             2EDC     2EDC       3E      83F       0
                text23                             25DC     25DC       A4      83F       0
                text22                             1FCA     1FCA      144      83F       0
                text21                             210E     210E      12C      83F       0
                text20                             2BE8     2BE8       6C      83F       0
                text19                             27A6     27A6       80      83F       0
                text18                             2F56     2F56       36      83F       0
                text17                             2C54     2C54       68      83F       0
                text16                             2AFE     2AFE       76      83F       0
                text15                             223A     223A      12A      83F       0
                text14                             2920     2920       7C      83F       0
                text13                             2D82     2D82       62      83F       0
                text12                             2714     2714       92      83F       0
                text11                             247C     247C       B8      83F       0
                text10                             2364     2364      118      83F       0
                text9                              1C24     1C24      216      83F       0
                text8                              1E3A     1E3A      190      83F       0
                text7                              2A88     2A88       76      83F       0
                text6                              2534     2534       A8      83F       0
                text5                              2E92     2E92       4A      83F       0
                text4                              28A4     28A4       7C      83F       0
                text3                              2A12     2A12       76      83F       0
                text2                              299C     299C       76      83F       0
                text1                              2680     2680       94      83F       0
                text0                              107E     107E      7C0      83F       0
                cstackCOMRAM                         40       40       25        1       1
                cstackBANK0                          DA       DA        5       80       1
                dataBANK0                            80       80       3C       80       1
                bssBANK0                             BC       BC       1E       80       1
                dataCOMRAM                           65       65       15        1       1
                bssCOMRAM                             1        1       3F        1       1
                cinit                              2D20     2D20       62      83F       0
                idataBANK0                         2F1A     2F1A       3C      83F       0
                idataCOMRAM                        301E     301E       15      83F       0

TOTAL           Name                               Link     Load   Length     Space
        CLASS   CODE           
                intcode                               8        8        6         0
                init                                  E        E        4         0
                reset_vec                             0        0        4         0
                text49                             3080     3080        4         0
                text48                             307C     307C        4         0
                text47                             3078     3078        4         0
                text46                             3084     3084        2         0
                text45                             3074     3074        4         0
                text44                             3070     3070        4         0
                text43                             306C     306C        4         0
                text42                             3068     3068        4         0
                text41                             3064     3064        4         0
                text40                             3060     3060        4         0
                text39                             3004     3004       1A         0
                text38                             2FEA     2FEA       1A         0
                text37                             2FD0     2FD0       1A         0
                text36                             2FB6     2FB6       1A         0
                text35                             304C     304C        C         0
                text34                             3040     3040        C         0
                text33                             3058     3058        8         0
                text32                             3034     3034        C         0
                intcode_body                       183E     183E      3E6         0
                text30                             2E3C     2E3C       56         0
                text29                             2F8C     2F8C       2A         0
                text28                             2B74     2B74       74         0
                text27                             2CBC     2CBC       64         0
                text26                             2826     2826       7E         0
                text25                             2DE4     2DE4       58         0
                text24                             2EDC     2EDC       3E         0
                text23                             25DC     25DC       A4         0
                text22                             1FCA     1FCA      144         0
                text21                             210E     210E      12C         0
                text20                             2BE8     2BE8       6C         0
                text19                             27A6     27A6       80         0
                text18                             2F56     2F56       36         0
                text17                             2C54     2C54       68         0
                text16                             2AFE     2AFE       76         0
                text15                             223A     223A      12A         0
                text14                             2920     2920       7C         0
                text13                             2D82     2D82       62         0
                text12                             2714     2714       92         0
                text11                             247C     247C       B8         0
                text10                             2364     2364      118         0
                text9                              1C24     1C24      216         0
                text8                              1E3A     1E3A      190         0
                text7                              2A88     2A88       76         0
                text6                              2534     2534       A8         0
                text5                              2E92     2E92       4A         0
                text4                              28A4     28A4       7C         0
                text3                              2A12     2A12       76         0
                text2                              299C     299C       76         0
                text1                              2680     2680       94         0
                text0                              107E     107E      7C0         0
                cinit                              2D20     2D20       62         0
                idataBANK0                         2F1A     2F1A       3C         0
                idataCOMRAM                        301E     301E       15         0

        CLASS   CONST          

        CLASS   SMALLCONST     
                smallconst                         1000     1000       7E         0

        CLASS   MEDIUMCONST    

        CLASS   COMRAM         
                temp                                 7A       7A        1         1
                cstackCOMRAM                         40       40       25         1
                dataCOMRAM                           65       65       15         1
                bssCOMRAM                             1        1       3F         1

        CLASS   ABS1           

        CLASS   BIGRAM         

        CLASS   RAM            

        CLASS   BANK0          
                cstackBANK0                          DA       DA        5         1
                dataBANK0                            80       80       3C         1
                bssBANK0                             BC       BC       1E         1

        CLASS   BANK1          

        CLASS   BANK2          

        CLASS   BANK3          

        CLASS   BANK4          

        CLASS   BANK5          

        CLASS   BANK6          

        CLASS   BANK7          

        CLASS   BANK8          

        CLASS   BANK9          

        CLASS   BANK10         

        CLASS   BANK11         

        CLASS   BANK12         

        CLASS   BANK13         

        CLASS   BANK14         

        CLASS   BANK15         

        CLASS   SFR            

        CLASS   BIGSFR         

        CLASS   CONFIG         
                config                           300000   300000        E         4

        CLASS   IDLOC          
                idloc                            200000   200000        8         5

        CLASS   EEDATA         

        CLASS   FARRAM         

        CLASS   HEAP           

        CLASS   STACK          



SEGMENTS        Name                           Load    Length   Top    Selector   Space  Class

                reset_vec                      000000  000004  000004         0       0  CODE    
                bssCOMRAM                      000001  00007A  00007B         1       1  COMRAM  
                intcode                        000008  00000A  000012         4       0  CODE    
                dataBANK0                      000080  00005F  0000DF        80       1  BANK0   
                smallconst                     001000  00007E  00107E       800       0  SMALLCON
                text0                          00107E  001FB5  003033       83F       0  CODE    
                text32                         003034  000052  003086      181A       0  CODE    


UNUSED ADDRESS RANGES

        Name                Unused          Largest block    Delta
        BANK0            0000DF-0000FF               21
        BANK1            000100-0001FF              100
        BANK10           000A00-000AFF              100
        BANK11           000B00-000BFF              100
        BANK12           000C00-000CFF              100
        BANK13           000D00-000DFF              100
        BANK14           000E00-000EFF              100
        BANK15           000F00-000F7F               80
        BANK2            000200-0002FF              100
        BANK3            000300-0003FF              100
        BANK4            000400-0004FF              100
        BANK5            000500-0005FF              100
        BANK6            000600-0006FF              100
        BANK7            000700-0007FF              100
        BANK8            000800-0008FF              100
        BANK9            000900-0009FF              100
        BIGRAM           00007B-00007F                5
                         0000DF-000F7F              EA1
        BIGSFR           000F80-000FFF               80
        CODE             000004-000007                4
                         000012-000FFF              FEE
                         003033-003033                1
                         003086-00FFFF             CF7A
        COMRAM           00007B-00007F                5
        CONST            000004-000007                4
                         000012-000FFF              FEE
                         003033-003033                1
                         003086-00FFFF             CF7A
        EEDATA           F00000-F003FF              400
        MEDIUMCONST      003033-003033                1
                         003086-00FFFF             CF7A
        RAM              0000DF-000F7F              100
        SFR              000F80-000FFF               80
        SMALLCONST       003033-003033                1
                         003086-00FFFF              100

                                  Symbol Table

?___lwdiv                                       cstackCOMRAM 000041
?___lwmod                                       cstackCOMRAM 000041
CCP_Compare_Mode_Set_Value@F3106                bssCOMRAM    00001D
RB4_ISR@RB4_Source                              cstackCOMRAM 000040
RB5_ISR@RB5_Source                              cstackCOMRAM 000040
RB6_ISR@RB6_Source                              cstackCOMRAM 000040
RB7_ISR@RB7_Source                              cstackCOMRAM 000040
Timer0_Init@_timer                              cstackCOMRAM 000044
Timer0_Init@ret                                 cstackCOMRAM 000048
Timer0_Mode_Select@_timer                       cstackCOMRAM 000041
Timer0_Prescaler_Config@_timer                  cstackCOMRAM 000041
Timer0_Read_Value@_timer                        cstackCOMRAM 000041
Timer0_Read_Value@_value                        cstackCOMRAM 000043
Timer0_Read_Value@l_tmr0h                       cstackCOMRAM 000048
Timer0_Read_Value@l_tmr0l                       cstackCOMRAM 000047
Timer0_Read_Value@ret                           cstackCOMRAM 000049
Timer0_Register_Size_Config@_timer              cstackCOMRAM 000041
Timer0_Write_Value@_timer                       cstackCOMRAM 000041
Timer0_Write_Value@_value                       cstackCOMRAM 000043
Timer0_Write_Value@ret                          cstackCOMRAM 000045
_ADCON0bits                                     (abs)        000FC2
_ADCON1bits                                     (abs)        000FC1
_ADCON2bits                                     (abs)        000FC0
_ADC_ISR                                        text49       003080
_ADC_InterruptHandler                           bssCOMRAM    000023
_ADRESH                                         (abs)        000FC4
_ADRESL                                         (abs)        000FC3
_BAUDCONbits                                    (abs)        000FB8
_CCP1CONbits                                    (abs)        000FBD
_CCP1_ISR                                       text48       00307C
_CCP1_InterruptHandler                          bssCOMRAM    000021
_CCP2CONbits                                    (abs)        000FBA
_CCP2_ISR                                       text47       003078
_CCP2_InterruptHandler                          bssCOMRAM    00001F
_CCPR1H                                         (abs)        000FBF
_CCPR1L                                         (abs)        000FBE
_CCPR2H                                         (abs)        000FBC
_CCPR2L                                         (abs)        000FBB
_Counter_Value                                  bssCOMRAM    000036
_EEADR                                          (abs)        000FA9
_EEADRH                                         (abs)        000FAA
_EECON1bits                                     (abs)        000FA6
_EECON2                                         (abs)        000FA7
_EEDATA                                         (abs)        000FA8
_EUSART_FramingErrorHandler                     bssBANK0     0000C4
_EUSART_OverrunErrorHandler                     bssBANK0     0000C2
_EUSART_RX_ISR                                  text46       003084
_EUSART_RxInterruptHandler                      bssBANK0     0000C6
_EUSART_TX_ISR                                  text45       003074
_EUSART_TxInterruptHandler                      bssBANK0     0000C8
_Hours                                          dataCOMRAM   000065
_I2C_DefaultInterruptHandle                     bssCOMRAM    000019
_I2C_Report_Receive_Overflow_InterruptHandle    bssBANK0     0000D8
_I2C_Report_Write_Collision_InterruptHandler    bssCOMRAM    00001B
_INT0_ISR                                       text44       003070
_INT0_InterruptHandler                          bssCOMRAM    000017
_INT1_ISR                                       text43       00306C
_INT1_InterruptHandler                          bssCOMRAM    000015
_INT2_ISR                                       text42       003068
_INT2_InterruptHandler                          bssCOMRAM    000013
_INTCON2bits                                    (abs)        000FF1
_INTCON3bits                                    (abs)        000FF0
_INTCONbits                                     (abs)        000FF2
_InterruptManager                               intcode      000008
_LATA                                           (abs)        000F89
_LATB                                           (abs)        000F8A
_LATC                                           (abs)        000F8B
_LATD                                           (abs)        000F8C
_LATE                                           (abs)        000F8D
_MSSP_I2C_BC_ISR                                text41       003064
_MSSP_I2C_ISR                                   text40       003060
_Minutes                                        dataCOMRAM   000067
_PIE1bits                                       (abs)        000F9D
_PIE2bits                                       (abs)        000FA0
_PIR1bits                                       (abs)        000F9E
_PIR2bits                                       (abs)        000FA1
_PORTA                                          (abs)        000F80
_PORTB                                          (abs)        000F81
_PORTBbits                                      (abs)        000F81
_PORTC                                          (abs)        000F82
_PORTD                                          (abs)        000F83
_PORTE                                          (abs)        000F84
_RB4_Flag                                       dataCOMRAM   00006C
_RB4_ISR                                        text39       003004
_RB4_InterruptHandler_HIGH                      bssCOMRAM    000011
_RB4_InterruptHandler_LOW                       bssCOMRAM    00000F
_RB5_Flag                                       dataCOMRAM   00006B
_RB5_ISR                                        text38       002FEA
_RB5_InterruptHandler_HIGH                      bssCOMRAM    00000D
_RB5_InterruptHandler_LOW                       bssCOMRAM    00000B
_RB6_Flag                                       dataCOMRAM   00006A
_RB6_ISR                                        text37       002FD0
_RB6_InterruptHandler_HIGH                      bssCOMRAM    000009
_RB6_InterruptHandler_LOW                       bssBANK0     0000D6
_RB7_Flag                                       dataCOMRAM   000069
_RB7_ISR                                        text36       002FB6
_RB7_InterruptHandler_HIGH                      bssBANK0     0000D4
_RB7_InterruptHandler_LOW                       bssBANK0     0000D2
_RCREG                                          (abs)        000FAE
_RCSTAbits                                      (abs)        000FAB
_SPBRG                                          (abs)        000FAF
_SPBRGH                                         (abs)        000FB0
_SSPADD                                         (abs)        000FC8
_SSPBUF                                         (abs)        000FC9
_SSPCON1bits                                    (abs)        000FC6
_SSPCON2bits                                    (abs)        000FC5
_SSPSTATbits                                    (abs)        000FC7
_Seconds                                        bssCOMRAM    000001
_T0CONbits                                      (abs)        000FD5
_T1CONbits                                      (abs)        000FCD
_T2CONbits                                      (abs)        000FCA
_T3CONbits                                      (abs)        000FB1
_TMR0H                                          (abs)        000FD7
_TMR0L                                          (abs)        000FD6
_TMR0_ISR                                       text35       00304C
_TMR0_InterruptHandler                          bssBANK0     0000D0
_TMR1H                                          (abs)        000FCF
_TMR1L                                          (abs)        000FCE
_TMR1_ISR                                       text34       003040
_TMR1_InterruptHandler                          bssBANK0     0000CE
_TMR2                                           (abs)        000FCC
_TMR2_ISR                                       text33       003058
_TMR2_InterruptHandler                          bssBANK0     0000CC
_TMR3H                                          (abs)        000FB3
_TMR3L                                          (abs)        000FB2
_TMR3_ISR                                       text32       003034
_TMR3_InterruptHandler                          bssBANK0     0000CA
_TRISA                                          (abs)        000F92
_TRISB                                          (abs)        000F93
_TRISC                                          (abs)        000F94
_TRISCbits                                      (abs)        000F94
_TRISD                                          (abs)        000F95
_TRISE                                          (abs)        000F96
_TXREG                                          (abs)        000FAD
_TXSTAbits                                      (abs)        000FAC
_Timer0_Init                                    text23       0025DC
_Timer0_Mode_Select                             text26       002826
_Timer0_Prescaler_Config                        text25       002DE4
_Timer0_Read_Value                              text30       002E3C
_Timer0_Register_Size_Config                    text24       002EDC
_Timer0_Write_Value                             text29       002F8C
__HRAM                                          (abs)        000000
__H__absolute__                                 __absolute__ 000000
__Habs1                                         abs1         000000
__Hbank0                                        bank0        000000
__Hbank1                                        bank1        000000
__Hbank10                                       bank10       000000
__Hbank11                                       bank11       000000
__Hbank12                                       bank12       000000
__Hbank13                                       bank13       000000
__Hbank14                                       bank14       000000
__Hbank15                                       bank15       000000
__Hbank2                                        bank2        000000
__Hbank3                                        bank3        000000
__Hbank4                                        bank4        000000
__Hbank5                                        bank5        000000
__Hbank6                                        bank6        000000
__Hbank7                                        bank7        000000
__Hbank8                                        bank8        000000
__Hbank9                                        bank9        000000
__Hbigbss                                       bigbss       000000
__Hbigdata                                      bigdata      000000
__Hbigram                                       bigram       000000
__Hbigsfr                                       bigsfr       000000
__Hbss                                          bss          000000
__HbssBANK0                                     bssBANK0     000000
__HbssCOMRAM                                    bssCOMRAM    000000
__Hcinit                                        cinit        000000
__Hclrtext                                      clrtext      000000
__Hcomram                                       comram       000000
__Hconfig                                       config       30000E
__Hconst                                        const        000000
__HcstackBANK0                                  cstackBANK0  000000
__HcstackCOMRAM                                 cstackCOMRAM 000000
__Hdata                                         data         000000
__HdataBANK0                                    dataBANK0    000000
__HdataCOMRAM                                   dataCOMRAM   000000
__Heeprom_data                                  eeprom_data  000000
__Hfarbss                                       farbss       000000
__Hfardata                                      fardata      000000
__Hheap                                         heap         000000
__Hibigdata                                     ibigdata     000000
__Hidata                                        idata        000000
__HidataBANK0                                   idataBANK0   000000
__HidataCOMRAM                                  idataCOMRAM  000000
__Hidloc                                        idloc        200008
__Hifardata                                     ifardata     000000
__Hinit                                         init         000012
__Hintcode                                      intcode      00000E
__Hintcode_body                                 intcode_body 000000
__Hintcodelo                                    intcodelo    00000E
__Hintentry                                     intentry     000000
__Hintret                                       intret       000000
__Hintsave_regs                                 intsave_regs 000000
__Hirdata                                       irdata       000000
__Hmediumconst                                  mediumconst  000000
__HnvFARRAM                                     nvFARRAM     000000
__Hnvbit                                        nvbit        000000
__Hnvrram                                       nvrram       000000
__Hparam                                        rparam       000000
__Hpowerup                                      powerup      00000E
__Hram                                          ram          000000
__Hramtop                                       ramtop       001000
__Hrbit                                         rbit         000000
__Hrbss                                         rbss         000000
__Hrdata                                        rdata        000000
__Hreset_vec                                    reset_vec    000004
__Hrparam                                       rparam       000000
__Hsfr                                          sfr          000000
__Hsmallconst                                   smallconst   00107E
__Hspace_0                                      (abs)        003086
__Hspace_1                                      (abs)        0000DF
__Hspace_2                                      (abs)        000000
__Hspace_4                                      (abs)        60000E
__Hstack                                        stack        000000
__Hstruct                                       struct       000000
__Htemp                                         temp         00007B
__Htext                                         text         000000
__Htext0                                        text0        000000
__Htext1                                        text1        000000
__Htext10                                       text10       000000
__Htext11                                       text11       000000
__Htext12                                       text12       000000
__Htext13                                       text13       000000
__Htext14                                       text14       000000
__Htext15                                       text15       000000
__Htext16                                       text16       000000
__Htext17                                       text17       000000
__Htext18                                       text18       000000
__Htext19                                       text19       000000
__Htext2                                        text2        000000
__Htext20                                       text20       000000
__Htext21                                       text21       000000
__Htext22                                       text22       000000
__Htext23                                       text23       000000
__Htext24                                       text24       000000
__Htext25                                       text25       000000
__Htext26                                       text26       000000
__Htext27                                       text27       000000
__Htext28                                       text28       000000
__Htext29                                       text29       000000
__Htext3                                        text3        000000
__Htext30                                       text30       000000
__Htext32                                       text32       000000
__Htext33                                       text33       000000
__Htext34                                       text34       000000
__Htext35                                       text35       000000
__Htext36                                       text36       000000
__Htext37                                       text37       000000
__Htext38                                       text38       000000
__Htext39                                       text39       000000
__Htext4                                        text4        000000
__Htext40                                       text40       000000
__Htext41                                       text41       000000
__Htext42                                       text42       000000
__Htext43                                       text43       000000
__Htext44                                       text44       000000
__Htext45                                       text45       000000
__Htext46                                       text46       000000
__Htext47                                       text47       000000
__Htext48                                       text48       000000
__Htext49                                       text49       000000
__Htext5                                        text5        000000
__Htext6                                        text6        000000
__Htext7                                        text7        000000
__Htext8                                        text8        000000
__Htext9                                        text9        000000
__LRAM                                          (abs)        000001
__L__absolute__                                 __absolute__ 000000
__Labs1                                         abs1         000000
__Lbank0                                        bank0        000000
__Lbank1                                        bank1        000000
__Lbank10                                       bank10       000000
__Lbank11                                       bank11       000000
__Lbank12                                       bank12       000000
__Lbank13                                       bank13       000000
__Lbank14                                       bank14       000000
__Lbank15                                       bank15       000000
__Lbank2                                        bank2        000000
__Lbank3                                        bank3        000000
__Lbank4                                        bank4        000000
__Lbank5                                        bank5        000000
__Lbank6                                        bank6        000000
__Lbank7                                        bank7        000000
__Lbank8                                        bank8        000000
__Lbank9                                        bank9        000000
__Lbigbss                                       bigbss       000000
__Lbigdata                                      bigdata      000000
__Lbigram                                       bigram       000000
__Lbigsfr                                       bigsfr       000000
__Lbss                                          bss          000000
__LbssBANK0                                     bssBANK0     000000
__LbssCOMRAM                                    bssCOMRAM    000000
__Lcinit                                        cinit        000000
__Lclrtext                                      clrtext      000000
__Lcomram                                       comram       000000
__Lconfig                                       config       000000
__Lconst                                        const        000000
__LcstackBANK0                                  cstackBANK0  000000
__LcstackCOMRAM                                 cstackCOMRAM 000000
__Ldata                                         data         000000
__LdataBANK0                                    dataBANK0    000000
__LdataCOMRAM                                   dataCOMRAM   000000
__Leeprom_data                                  eeprom_data  000000
__Lfarbss                                       farbss       000000
__Lfardata                                      fardata      000000
__Lheap                                         heap         000000
__Libigdata                                     ibigdata     000000
__Lidata                                        idata        000000
__LidataBANK0                                   idataBANK0   000000
__LidataCOMRAM                                  idataCOMRAM  000000
__Lidloc                                        idloc        000000
__Lifardata                                     ifardata     000000
__Linit                                         init         00000E
__Lintcode                                      intcode      000008
__Lintcode_body                                 intcode_body 000000
__Lintcodelo                                    intcodelo    00000E
__Lintentry                                     intentry     000000
__Lintret                                       intret       000000
__Lintsave_regs                                 intsave_regs 000000
__Lirdata                                       irdata       000000
__Lmediumconst                                  mediumconst  000000
__LnvFARRAM                                     nvFARRAM     000000
__Lnvbit                                        nvbit        000000
__Lnvrram                                       nvrram       000000
__Lparam                                        rparam       000000
__Lpowerup                                      powerup      00000E
__Lram                                          ram          000000
__Lramtop                                       ramtop       001000
__Lrbit                                         rbit         000000
__Lrbss                                         rbss         000000
__Lrdata                                        rdata        000000
__Lreset_vec                                    reset_vec    000000
__Lrparam                                       rparam       000000
__Lsfr                                          sfr          000000
__Lsmallconst                                   smallconst   001000
__Lspace_0                                      (abs)        000000
__Lspace_1                                      (abs)        000000
__Lspace_2                                      (abs)        000000
__Lspace_4                                      (abs)        000000
__Lstack                                        stack        000000
__Lstruct                                       struct       000000
__Ltemp                                         temp         00007A
__Ltext                                         text         000000
__Ltext0                                        text0        000000
__Ltext1                                        text1        000000
__Ltext10                                       text10       000000
__Ltext11                                       text11       000000
__Ltext12                                       text12       000000
__Ltext13                                       text13       000000
__Ltext14                                       text14       000000
__Ltext15                                       text15       000000
__Ltext16                                       text16       000000
__Ltext17                                       text17       000000
__Ltext18                                       text18       000000
__Ltext19                                       text19       000000
__Ltext2                                        text2        000000
__Ltext20                                       text20       000000
__Ltext21                                       text21       000000
__Ltext22                                       text22       000000
__Ltext23                                       text23       000000
__Ltext24                                       text24       000000
__Ltext25                                       text25       000000
__Ltext26                                       text26       000000
__Ltext27                                       text27       000000
__Ltext28                                       text28       000000
__Ltext29                                       text29       000000
__Ltext3                                        text3        000000
__Ltext30                                       text30       000000
__Ltext32                                       text32       000000
__Ltext33                                       text33       000000
__Ltext34                                       text34       000000
__Ltext35                                       text35       000000
__Ltext36                                       text36       000000
__Ltext37                                       text37       000000
__Ltext38                                       text38       000000
__Ltext39                                       text39       000000
__Ltext4                                        text4        000000
__Ltext40                                       text40       000000
__Ltext41                                       text41       000000
__Ltext42                                       text42       000000
__Ltext43                                       text43       000000
__Ltext44                                       text44       000000
__Ltext45                                       text45       000000
__Ltext46                                       text46       000000
__Ltext47                                       text47       000000
__Ltext48                                       text48       000000
__Ltext49                                       text49       000000
__Ltext5                                        text5        000000
__Ltext6                                        text6        000000
__Ltext7                                        text7        000000
__Ltext8                                        text8        000000
__Ltext9                                        text9        000000
__S0                                            (abs)        003086
__S1                                            (abs)        0000DF
__S4                                            (abs)        000000
__S5                                            (abs)        000000
___heap_hi                                      (abs)        000000
___heap_lo                                      (abs)        000000
___inthi_sp                                     stack        000000
___intlo_sp                                     stack        000000
___lwdiv                                        text28       002B74
___lwdiv@counter                                cstackCOMRAM 000045
___lwdiv@dividend                               cstackCOMRAM 000041
___lwdiv@divisor                                cstackCOMRAM 000043
___lwdiv@quotient                               cstackCOMRAM 000046
___lwmod                                        text27       002CBC
___lwmod@counter                                cstackCOMRAM 000045
___lwmod@dividend                               cstackCOMRAM 000041
___lwmod@divisor                                cstackCOMRAM 000043
___param_bank                                   (abs)        000000
___rparam_used                                  (abs)        000001
___sp                                           stack        000000
__accesstop                                     (abs)        000080
__activetblptr                                  (abs)        000003
__end_of_ADC_ISR                                text49       003084
__end_of_CCP1_ISR                               text48       003080
__end_of_CCP2_ISR                               text47       00307C
__end_of_EUSART_RX_ISR                          text46       003086
__end_of_EUSART_TX_ISR                          text45       003078
__end_of_INT0_ISR                               text44       003074
__end_of_INT1_ISR                               text43       003070
__end_of_INT2_ISR                               text42       00306C
__end_of_InterruptManager                       intcode_body 001C24
__end_of_MSSP_I2C_BC_ISR                        text41       003068
__end_of_MSSP_I2C_ISR                           text40       003064
__end_of_RB4_ISR                                text39       00301E
__end_of_RB5_ISR                                text38       003004
__end_of_RB6_ISR                                text37       002FEA
__end_of_RB7_ISR                                text36       002FD0
__end_of_TMR0_ISR                               text35       003058
__end_of_TMR1_ISR                               text34       00304C
__end_of_TMR2_ISR                               text33       003060
__end_of_TMR3_ISR                               text32       003040
__end_of_Timer0_Init                            text23       002680
__end_of_Timer0_Mode_Select                     text26       0028A4
__end_of_Timer0_Prescaler_Config                text25       002E3C
__end_of_Timer0_Read_Value                      text30       002E92
__end_of_Timer0_Register_Size_Config            text24       002F1A
__end_of_Timer0_Write_Value                     text29       002FB6
__end_of___lwdiv                                text28       002BE8
__end_of___lwmod                                text27       002D20
__end_of__initialization                        cinit        002D78
__end_of_application_intialize                  text12       0027A6
__end_of_btn_values                             smallconst   001011
__end_of_gpio_pin_direction_intialize           text22       00210E
__end_of_gpio_pin_intialize                     text20       002C54
__end_of_gpio_pin_read_logic                    text11       002534
__end_of_gpio_pin_write_logic                   text21       00223A
__end_of_keypad_get_value                       text10       00247C
__end_of_keypad_get_value_blocking              text9        001E3A
__end_of_keypad_initialize                      text19       002826
__end_of_keypad_read_switch                     text8        001FCA
__end_of_lcd_4bit_intialize                     text15       002364
__end_of_lcd_4bit_send_char_data                text7        002AFE
__end_of_lcd_4bit_send_char_data_pos            text5        002EDC
__end_of_lcd_4bit_send_command                  text16       002B74
__end_of_lcd_4bit_send_enable_signal            text18       002F8C
__end_of_lcd_4bit_send_string_pos               text4        002920
__end_of_lcd_4bit_set_cursor                    text6        0025DC
__end_of_lcd_send_4bits                         text17       002CBC
__end_of_led_initialize                         text14       00299C
__end_of_led_turn_off                           text3        002A88
__end_of_led_turn_on                            text2        002A12
__end_of_main                                   text0        00183E
__end_of_seven_segement_intialize               text13       002DE4
__end_of_seven_segement_write_number            text1        002714
__initialization                                cinit        002D20
__mediumconst                                   mediumconst  000000
__pbssBANK0                                     bssBANK0     0000BC
__pbssCOMRAM                                    bssCOMRAM    000001
__pcinit                                        cinit        002D20
__pcstackBANK0                                  cstackBANK0  0000DA
__pcstackCOMRAM                                 cstackCOMRAM 000040
__pdataBANK0                                    dataBANK0    000080
__pdataCOMRAM                                   dataCOMRAM   000065
__pidataBANK0                                   idataBANK0   002F1A
__pidataCOMRAM                                  idataCOMRAM  00301E
__pintcode                                      intcode      000008
__pintcode_body                                 intcode_body 00183E
__psmallconst                                   smallconst   001000
__ptext0                                        text0        00107E
__ptext1                                        text1        002680
__ptext10                                       text10       002364
__ptext11                                       text11       00247C
__ptext12                                       text12       002714
__ptext13                                       text13       002D82
__ptext14                                       text14       002920
__ptext15                                       text15       00223A
__ptext16                                       text16       002AFE
__ptext17                                       text17       002C54
__ptext18                                       text18       002F56
__ptext19                                       text19       0027A6
__ptext2                                        text2        00299C
__ptext20                                       text20       002BE8
__ptext21                                       text21       00210E
__ptext22                                       text22       001FCA
__ptext23                                       text23       0025DC
__ptext24                                       text24       002EDC
__ptext25                                       text25       002DE4
__ptext26                                       text26       002826
__ptext27                                       text27       002CBC
__ptext28                                       text28       002B74
__ptext29                                       text29       002F8C
__ptext3                                        text3        002A12
__ptext30                                       text30       002E3C
__ptext32                                       text32       003034
__ptext33                                       text33       003058
__ptext34                                       text34       003040
__ptext35                                       text35       00304C
__ptext36                                       text36       002FB6
__ptext37                                       text37       002FD0
__ptext38                                       text38       002FEA
__ptext39                                       text39       003004
__ptext4                                        text4        0028A4
__ptext40                                       text40       003060
__ptext41                                       text41       003064
__ptext42                                       text42       003068
__ptext43                                       text43       00306C
__ptext44                                       text44       003070
__ptext45                                       text45       003074
__ptext46                                       text46       003084
__ptext47                                       text47       003078
__ptext48                                       text48       00307C
__ptext49                                       text49       003080
__ptext5                                        text5        002E92
__ptext6                                        text6        002534
__ptext7                                        text7        002A88
__ptext8                                        text8        001E3A
__ptext9                                        text9        001C24
__ramtop                                        ramtop       001000
__smallconst                                    smallconst   001000
_application_intialize                          text12       002714
_btn_values                                     smallconst   001001
_counter                                        bssCOMRAM    000025
_gpio_pin_direction_intialize                   text22       001FCA
_gpio_pin_intialize                             text20       002BE8
_gpio_pin_read_logic                            text11       00247C
_gpio_pin_write_logic                           text21       00210E
_key_value                                      bssCOMRAM    00003E
_keypad1                                        dataBANK0    0000A8
_keypad_get_value                               text10       002364
_keypad_get_value_blocking                      text9        001C24
_keypad_initialize                              text19       0027A6
_keypad_read_switch                             text8        001E3A
_lat_register                                   dataBANK0    00008A
_lcd_1                                          dataCOMRAM   00006D
_lcd_4bit_intialize                             text15       00223A
_lcd_4bit_send_char_data                        text7        002A88
_lcd_4bit_send_char_data_pos                    text5        002E92
_lcd_4bit_send_command                          text16       002AFE
_lcd_4bit_send_enable_signal                    text18       002F56
_lcd_4bit_send_string_pos                       text4        0028A4
_lcd_4bit_set_cursor                            text6        002534
_lcd_send_4bits                                 text17       002C54
_led1                                           bssCOMRAM    00003F
_led2                                           dataCOMRAM   000079
_led_initialize                                 text14       002920
_led_turn_off                                   text3        002A12
_led_turn_on                                    text2        00299C
_main                                           text0        00107E
_port_register                                  dataBANK0    000080
_port_registers                                 dataBANK0    00009E
_seg_pin_1                                      dataCOMRAM   000078
_seg_pin_2                                      dataCOMRAM   000077
_seg_pin_3                                      dataCOMRAM   000076
_seg_pin_4                                      dataCOMRAM   000075
_seg_pin_5                                      dataCOMRAM   000074
_seg_pin_6                                      dataCOMRAM   000073
_segment_1                                      dataBANK0    0000B7
_seven_segement_intialize                       text13       002D82
_seven_segement_write_number                    text1        002680
_timer0_counter_obj                             dataBANK0    0000B0
_timer0_preload                                 bssCOMRAM    000007
_timer1_preload                                 bssCOMRAM    000005
_timer2_preload                                 bssCOMRAM    000026
_timer3_preload                                 bssCOMRAM    000003
_tris_register                                  dataBANK0    000094
_value11                                        bssCOMRAM    00003D
_value12                                        bssCOMRAM    00003C
_value21                                        bssCOMRAM    00003B
_value22                                        bssCOMRAM    00003A
_value31                                        bssCOMRAM    000039
_value32                                        bssCOMRAM    000038
btemp                                           temp         00007A
dc_motor_initialize@F3047                       bssCOMRAM    000035
dc_motor_initialize@F3049                       bssCOMRAM    000034
dc_motor_move_left@F3061                        bssCOMRAM    000031
dc_motor_move_left@F3063                        bssCOMRAM    000030
dc_motor_move_right@F3054                       bssCOMRAM    000033
dc_motor_move_right@F3056                       bssCOMRAM    000032
dc_motor_stop@F3068                             bssCOMRAM    00002F
dc_motor_stop@F3070                             bssCOMRAM    00002E
end_of_initialization                           cinit        002D78
gpio_pin_direction_intialize@pin_config         cstackCOMRAM 000041
gpio_pin_direction_intialize@ret                cstackCOMRAM 000049
gpio_pin_intialize@pin_config                   cstackCOMRAM 00004B
gpio_pin_intialize@ret                          cstackCOMRAM 00004E
gpio_pin_read_logic@logic                       cstackCOMRAM 000043
gpio_pin_read_logic@pin_config                  cstackCOMRAM 000041
gpio_pin_read_logic@ret                         cstackCOMRAM 00004A
gpio_pin_write_logic@logic                      cstackCOMRAM 000043
gpio_pin_write_logic@pin_config                 cstackCOMRAM 000041
gpio_pin_write_logic@ret                        cstackCOMRAM 00004A
int$flags                                       temp         00007A
int_func                                        intcode_body 00183E
intlevel0                                       text         000000
intlevel1                                       text         000000
intlevel2                                       text         000000
intlevel3                                       text         000000
isa$std                                         (abs)        000001
isa$xinst                                       (abs)        000000
keypad_get_value@_keypad_obj                    cstackCOMRAM 00004B
keypad_get_value@column_logic                   cstackCOMRAM 000052
keypad_get_value@l_columns_counter              cstackCOMRAM 000055
keypad_get_value@l_counter                      cstackCOMRAM 000053
keypad_get_value@l_rows_counter                 cstackCOMRAM 000054
keypad_get_value@ret                            cstackCOMRAM 000051
keypad_get_value@value                          cstackCOMRAM 00004D
keypad_get_value_blocking@_keypad_obj           cstackCOMRAM 00004B
keypad_get_value_blocking@column_logic          cstackCOMRAM 000058
keypad_get_value_blocking@l_columns_counter     cstackCOMRAM 00005B
keypad_get_value_blocking@l_counter             cstackCOMRAM 000059
keypad_get_value_blocking@l_rows_counter        cstackCOMRAM 00005A
keypad_get_value_blocking@value                 cstackCOMRAM 00004D
keypad_initialize@_keypad_obj                   cstackCOMRAM 00004F
keypad_initialize@columns_counter               cstackCOMRAM 000055
keypad_initialize@ret                           cstackCOMRAM 000053
keypad_initialize@rows_counter                  cstackCOMRAM 000054
keypad_read_switch@col                          cstackCOMRAM 000059
keypad_read_switch@i                            cstackCOMRAM 000054
keypad_read_switch@keypad                       cstackCOMRAM 00004B
keypad_read_switch@ret                          cstackCOMRAM 000053
keypad_read_switch@row                          cstackCOMRAM 000056
keypad_read_switch@status                       cstackCOMRAM 00004D
keypad_read_switch@status_pin                   cstackCOMRAM 000058
lcd_4bit_intialize@l_data_pins_counter          cstackCOMRAM 000058
lcd_4bit_intialize@lcd                          cstackCOMRAM 000054
lcd_4bit_intialize@ret                          cstackCOMRAM 000059
lcd_4bit_send_char_data@data                    cstackCOMRAM 000051
lcd_4bit_send_char_data@l_data_pins_counter     cstackCOMRAM 000052
lcd_4bit_send_char_data@lcd                     cstackCOMRAM 00004F
lcd_4bit_send_char_data@ret                     cstackCOMRAM 000053
lcd_4bit_send_char_data_pos@column              cstackCOMRAM 00005E
lcd_4bit_send_char_data_pos@data                cstackCOMRAM 00005F
lcd_4bit_send_char_data_pos@l_data_pins_counter cstackCOMRAM 000060
lcd_4bit_send_char_data_pos@lcd                 cstackCOMRAM 00005B
lcd_4bit_send_char_data_pos@ret                 cstackCOMRAM 000061
lcd_4bit_send_char_data_pos@row                 cstackCOMRAM 00005D
lcd_4bit_send_command@command                   cstackCOMRAM 000051
lcd_4bit_send_command@l_data_pins_counter       cstackCOMRAM 000052
lcd_4bit_send_command@lcd                       cstackCOMRAM 00004F
lcd_4bit_send_command@ret                       cstackCOMRAM 000053
lcd_4bit_send_enable_signal@lcd                 cstackCOMRAM 00004B
lcd_4bit_send_enable_signal@ret                 cstackCOMRAM 00004D
lcd_4bit_send_string_pos@column                 cstackCOMRAM 00005E
lcd_4bit_send_string_pos@l_data_pins_counter    cstackCOMRAM 000061
lcd_4bit_send_string_pos@lcd                    cstackCOMRAM 00005B
lcd_4bit_send_string_pos@ret                    cstackCOMRAM 000062
lcd_4bit_send_string_pos@row                    cstackCOMRAM 00005D
lcd_4bit_send_string_pos@str                    cstackCOMRAM 00005F
lcd_4bit_set_cursor@coulmn                      cstackCOMRAM 000057
lcd_4bit_set_cursor@lcd                         cstackCOMRAM 000054
lcd_4bit_set_cursor@ret                         cstackCOMRAM 00005A
lcd_4bit_set_cursor@row                         cstackCOMRAM 000056
lcd_send_4bits@_data_command                    cstackCOMRAM 00004D
lcd_send_4bits@lcd                              cstackCOMRAM 00004B
lcd_send_4bits@ret                              cstackCOMRAM 00004E
led_initialize@F3048                            bssCOMRAM    00002D
led_initialize@led                              cstackCOMRAM 00004F
led_initialize@object                           cstackCOMRAM 000053
led_initialize@ret                              cstackCOMRAM 000052
led_turn_off@F3058                              bssCOMRAM    00002B
led_turn_off@led                                cstackCOMRAM 00004B
led_turn_off@object                             cstackCOMRAM 00004E
led_turn_on@F3053                               bssCOMRAM    00002C
led_turn_on@led                                 cstackCOMRAM 00004B
led_turn_on@object                              cstackCOMRAM 00004E
led_turn_toggle@F3063                           bssCOMRAM    00002A
main@mul_minutes                                cstackBANK0  0000DC
main@mul_seconds                                cstackBANK0  0000DA
main@ret                                        cstackBANK0  0000DE
relay_initialize@F3042                          bssCOMRAM    000029
relay_turn_off@F3052                            bssCOMRAM    000027
relay_turn_on@F3047                             bssCOMRAM    000028
seven_segement_intialize@ret                    cstackCOMRAM 000051
seven_segement_intialize@seg                    cstackCOMRAM 00004F
seven_segement_write_number@number              cstackCOMRAM 00004D
seven_segement_write_number@ret                 cstackCOMRAM 00004E
seven_segement_write_number@seg                 cstackCOMRAM 00004B
stackhi                                         (abs)        000000
stacklo                                         (abs)        000000
start                                           init         00000E
start_initialization                            cinit        002D20
ttemp5                                          temp         00007B
ttemp6                                          temp         00007E
ttemp7                                          temp         000082
wtemp8                                          temp         00007B


MODULE INFORMATION

Module		Function		Class		Link	Load	Size
interupt/mcal_external_interupt.c
		_RB4_ISR       		CODE           	3004	0000	26
		_RB5_ISR       		CODE           	2FEA	0000	26
		_RB6_ISR       		CODE           	2FD0	0000	26
		_RB7_ISR       		CODE           	2FB6	0000	26
		_INT0_ISR      		CODE           	3070	0000	4
		_INT1_ISR      		CODE           	306C	0000	4
		_INT2_ISR      		CODE           	3068	0000	4

interupt/mcal_external_interupt.c estimated size: 116

mcal_layer/GPIO/hal_gpio.c
		_gpio_pin_write_logic		CODE           	210E	0000	300
		_gpio_pin_intialize		CODE           	2BE8	0000	108
		_gpio_pin_read_logic		CODE           	247C	0000	184
		_gpio_pin_direction_intialize		CODE           	1FCA	0000	324

mcal_layer/GPIO/hal_gpio.c estimated size: 916

interupt/mcal_interupt_manage.c
		_InterruptManager		CODE           	0008	0000	1004

interupt/mcal_interupt_manage.c estimated size: 1004

mcal_layer/ecu_lcd.c
		_lcd_4bit_send_command		CODE           	2AFE	0000	118
		_lcd_4bit_send_string_pos		CODE           	28A4	0000	124
		_lcd_4bit_send_char_data		CODE           	2A88	0000	118
		_lcd_send_4bits		CODE           	2C54	0000	104
		_lcd_4bit_intialize		CODE           	223A	0000	298
		_lcd_4bit_send_char_data_pos		CODE           	2E92	0000	74
		_lcd_4bit_set_cursor		CODE           	2534	0000	168
		_lcd_4bit_send_enable_signal		CODE           	2F56	0000	54

mcal_layer/ecu_lcd.c estimated size: 1058

mcal_layer/ecu_keypad.c
		_keypad_read_switch		CODE           	1E3A	0000	400
		_keypad_get_value_blocking		CODE           	1C24	0000	534
		_keypad_get_value		CODE           	2364	0000	280
		_keypad_initialize		CODE           	27A6	0000	128

mcal_layer/ecu_keypad.c estimated size: 1342

mcal_layer/ecu_7seg.c
		_seven_segement_write_number		CODE           	2680	0000	148
		_seven_segement_intialize		CODE           	2D82	0000	98

mcal_layer/ecu_7seg.c estimated size: 246

mcal_layer/ADC/hal_adc.c
		_ADC_ISR       		CODE           	3080	0000	4

mcal_layer/ADC/hal_adc.c estimated size: 4

mcal_layer/ecu_led.c
		_led_initialize		CODE           	2920	0000	124
		_led_turn_on   		CODE           	299C	0000	118
		_led_turn_off  		CODE           	2A12	0000	118

mcal_layer/ecu_led.c estimated size: 360

C:\Program Files\Microchip\xc8\v2.41\pic\sources\c99\common\lwdiv.c
		___lwdiv       		CODE           	2B74	0000	116

C:\Program Files\Microchip\xc8\v2.41\pic\sources\c99\common\lwdiv.c estimated size: 116

mcal_layer/CCP/hal_ccp.c
		_CCP1_ISR      		CODE           	307C	0000	4
		_CCP2_ISR      		CODE           	3078	0000	4

mcal_layer/CCP/hal_ccp.c estimated size: 8

mcal_layer/Timer2/hal_timr2.c
		_TMR2_ISR      		CODE           	3058	0000	8

mcal_layer/Timer2/hal_timr2.c estimated size: 8

mcal_layer/Timer0/hal_timr0.c
		_Timer0_Register_Size_Config		CODE           	2EDC	0000	62
		_Timer0_Init   		CODE           	25DC	0000	164
		_Timer0_Read_Value		CODE           	2E3C	0000	86
		_Timer0_Prescaler_Config		CODE           	2DE4	0000	88
		_Timer0_Write_Value		CODE           	2F8C	0000	42
		_Timer0_Mode_Select		CODE           	2826	0000	126
		_TMR0_ISR      		CODE           	304C	0000	12

mcal_layer/Timer0/hal_timr0.c estimated size: 580

shared
		_btn_values    		SMALLCONST     	1001	0000	16
		__initialization		CODE           	2D20	0000	88

shared estimated size: 104

mcal_layer/Timer1/hal_timer1.c
		_TMR1_ISR      		CODE           	3040	0000	12

mcal_layer/Timer1/hal_timer1.c estimated size: 12

mcal_layer/I2c/hal_i2c.c
		_MSSP_I2C_ISR  		CODE           	3060	0000	4
		_MSSP_I2C_BC_ISR		CODE           	3064	0000	4

mcal_layer/I2c/hal_i2c.c estimated size: 8

application.c
		_main          		CODE           	107E	0000	1984
		_application_intialize		CODE           	2714	0000	146

application.c estimated size: 2130

mcal_layer/usart/hal_usart.c
		_EUSART_RX_ISR 		CODE           	3084	0000	2
		_EUSART_TX_ISR 		CODE           	3074	0000	4

mcal_layer/usart/hal_usart.c estimated size: 6

mcal_layer/Timer3/hal_timr3.c
		_TMR3_ISR      		CODE           	3034	0000	12

mcal_layer/Timer3/hal_timr3.c estimated size: 12

C:\Program Files\Microchip\xc8\v2.41\pic\sources\c99\common\lwmod.c
		___lwmod       		CODE           	2CBC	0000	100

C:\Program Files\Microchip\xc8\v2.41\pic\sources\c99\common\lwmod.c estimated size: 100

